{
  "snapshot test 1": "{\n  \"id\": 1,\n  \"name\": \"Aryan\"\n}",
  "snapshot test 2": "<div class=\"title\">Hello World</div>"
}